warning: in the working copy of 'worker.js', LF will be replaced by CRLF the next time Git touches it
diff --git a/worker.js b/worker.js
index 9a5a39e..34f3a55 100644
--- a/worker.js
+++ b/worker.js
@@ -1,3 +1,4 @@
+import http from 'node:http';
 import { httpServerHandler } from 'cloudflare:node';
 
 let expressHandler;
@@ -18,10 +19,11 @@ export default {
       const connectDB = require('./config/db');
       await connectDB();
 
-      // Lazy-load Express app and initialize httpServerHandler directly with Express app instance
+      // Lazy-load Express app, create Node.js http.Server instance and pass to httpServerHandler
       if (!expressHandler) {
         const app = require('./server');
-        expressHandler = httpServerHandler(app);
+        const server = http.createServer(app);
+        expressHandler = httpServerHandler(server);
       }
 
       return expressHandler.fetch(request, env, ctx);
